[cocinandoentreolivos.com/index.html]
[backblue.gif]
[fade.gif]
[index.html]
[cocinandoentreolivos.com/wp-content/uploads/2024/01/Tarta-salada-de-masa-filo-con-queso-de-cabra-y-peras-port.jpg]
[cocinandoentreolivos.com/feed]
[cocinandoentreolivos.com/comments/feed]
[cocinandoentreolivos.com/wp-content/plugins/a-z-listing/css/a-z-listing-default5b31.css]
[cocinandoentreolivos.com/wp-includes/js/mediaelement/mediaelementplayer-legacy.min1f61.css]
[cocinandoentreolivos.com/wp-includes/js/mediaelement/wp-mediaelement.min84fc.css]
[cocinandoentreolivos.com/wp-content/plugins/recipe-card-blocks-by-wpzoom-pro/dist/blocks.style.build00d1.css]
[cocinandoentreolivos.com/wp-content/plugins/recipe-card-blocks-by-wpzoom-pro/dist/assets/css/icon-fonts.build00d1.css]
[cocinandoentreolivos.com/wp-content/plugins/menu-image/includes/css/menu-imagea237.css]
[cocinandoentreolivos.com/wp-includes/css/dashicons.min84fc.css]
[cocinandoentreolivos.com/wp-content/plugins/pdf-print/css/frontend9254.css]
[cocinandoentreolivos.com/wp-content/plugins/webtoffee-gdpr-cookie-consent/public/css/cookie-law-info-public355d.css]
[cocinandoentreolivos.com/wp-content/plugins/webtoffee-gdpr-cookie-consent/public/css/cookie-law-info-gdpr355d.css]
[cocinandoentreolivos.com/wp-content/themes/hello-elementor/style.min41fe.css]
[cocinandoentreolivos.com/wp-content/themes/hello-elementor/theme.min41fe.css]
[cocinandoentreolivos.com/wp-content/themes/hello-elementor/header-footer.min41fe.css]
[cocinandoentreolivos.com/wp-content/plugins/elementor/assets/css/frontend-lite.min78fb.css]
[cocinandoentreolivos.com/wp-content/uploads/elementor/css/post-222434067.css]
[cocinandoentreolivos.com/wp-content/plugins/elementor/assets/lib/eicons/css/elementor-icons.mind54b.css]
[cocinandoentreolivos.com/wp-content/plugins/elementor/assets/lib/swiper/v8/css/swiper.min94a4.css]
[cocinandoentreolivos.com/wp-content/plugins/elementor-pro/assets/css/frontend-lite.minc226.css]
[cocinandoentreolivos.com/wp-content/uploads/elementor/css/global7c3f.css]
[cocinandoentreolivos.com/wp-content/plugins/ultimate-elementor/assets/min-css/uael-frontend.mind280.css]
[cocinandoentreolivos.com/wp-content/uploads/elementor/css/post-70627b03.css]
[cocinandoentreolivos.com/wp-content/uploads/elementor/css/post-223397c3f.css]
[cocinandoentreolivos.com/wp-content/uploads/elementor/css/post-223237c3f.css]
[cocinandoentreolivos.com/wp-content/themes/hello-theme-child-master/style8a54.css]
[cocinandoentreolivos.com/wp-content/plugins/elementor/assets/lib/font-awesome/css/fontawesome.min52d5.css]
[cocinandoentreolivos.com/wp-content/plugins/elementor/assets/lib/font-awesome/css/solid.min52d5.css]
[cocinandoentreolivos.com/wp-content/plugins/recipe-card-blocks-by-wpzoom-pro/dist/assets/css/genericons.min00d1.css]
[cocinandoentreolivos.com/wp-content/plugins/elementor/assets/lib/font-awesome/css/brands.min52d5.css]
[cocinandoentreolivos.com/wp-content/plugins/elementor/assets/lib/font-awesome/css/regular.min52d5.css]
[cocinandoentreolivos.com/wp-content/plugins/jetpack/css/jetpack271f.css]
[cocinandoentreolivos.com/wp-includes/js/jquery/jquery-migrate.min5589.js]
[cocinandoentreolivos.com/wp-includes/js/jquery/jquery.minf43b.js]
[cocinandoentreolivos.com/wp-content/plugins/webtoffee-gdpr-cookie-consent/public/js/cookie-law-info-public355d.js]
[cocinandoentreolivos.com/wp-json/wp/v2/pages/7062.json]
[cocinandoentreolivos.com/wp-json/index.html]
[cocinandoentreolivos.com/xmlrpc0db0.php]
[cocinandoentreolivos.com/wp-json/oembed/1.0/embedafd8.json]
[cocinandoentreolivos.com/wp-json/oembed/1.0/embed73af]
[pagead2.googlesyndication.com/pagead/js/f09e8.txt]
[cocinandoentreolivos.com/wp-content/uploads/2016/11/cropped-logo-cocinandoentreolivos-1-32x32.png]
[cocinandoentreolivos.com/wp-content/uploads/2016/11/cropped-logo-cocinandoentreolivos-1-192x192.png]
[cocinandoentreolivos.com/wp-content/uploads/2016/11/cropped-logo-cocinandoentreolivos-1-180x180.png]
[cocinandoentreolivos.com/wp-content/uploads/2022/11/cocinando-entre-olivos-logo.webp]
[cocinandoentreolivos.com/wp-content/plugins/elementor-pro/assets/css/widget-nav-menu.min.css]
[cocinandoentreolivos.com/wp-content/uploads/2016/11/home.png]
[cocinandoentreolivos.com/recetas.html]
[cocinandoentreolivos.com/wp-content/uploads/2021/12/az-24x24.png]
[cocinandoentreolivos.com/wp-content/uploads/2016/11/ape.png]
[cocinandoentreolivos.com/recetas-a-z.html]
[cocinandoentreolivos.com/category/recetas/tapas-y-aperitivos.html]
[cocinandoentreolivos.com/wp-content/uploads/2016/11/ver.png]
[cocinandoentreolivos.com/category/recetas/ensaladas-y-verduras.html]
[cocinandoentreolivos.com/category/recetas/arroz-y-pasta.html]
[cocinandoentreolivos.com/wp-content/uploads/2016/11/leg.png]
[cocinandoentreolivos.com/wp-content/uploads/2016/11/sop.png]
[cocinandoentreolivos.com/category/recetas/platos-de-cuchara.html]
[cocinandoentreolivos.com/category/recetas/pescados-y-mariscos.html]
[cocinandoentreolivos.com/wp-content/uploads/2016/11/pes.png]
[cocinandoentreolivos.com/wp-content/uploads/2016/11/car.png]
[cocinandoentreolivos.com/category/recetas/carne.html]
[cocinandoentreolivos.com/category/recetas/postres-y-dulces.html]
[cocinandoentreolivos.com/wp-content/uploads/2016/11/dul-copia.png]
[cocinandoentreolivos.com/wp-content/uploads/2016/11/fru.png]
[cocinandoentreolivos.com/category/recetas/bizcochos-y-tartas.html]
[cocinandoentreolivos.com/category/recetas/cocina-de-jaen.html]
[cocinandoentreolivos.com/wp-content/uploads/2016/11/jaen.png]
[cocinandoentreolivos.com/wp-content/uploads/2016/11/peq.png]
[cocinandoentreolivos.com/category/recetas/cocina-para-ninos.html]
[cocinandoentreolivos.com/wp-content/uploads/2016/11/sing.png]
[cocinandoentreolivos.com/category/recetas/sin-gluten.html]
[cocinandoentreolivos.com/category/recetas/recetas-de-navidad.html]
[cocinandoentreolivos.com/wp-content/uploads/2016/12/christmas-tree.png]
[cocinandoentreolivos.com/category/aove.html]
[cocinandoentreolivos.com/category/aove/conociendo-el-aove.html]
[cocinandoentreolivos.com/category/aove/probando-aove.html]
[cocinandoentreolivos.com/category/aove/recetas-con-aove.html]
[cocinandoentreolivos.com/category/noticias-y-gastroeventos.html]
[cocinandoentreolivos.com/category/sitios-que-me-gustan.html]
[cocinandoentreolivos.com/quien-soy.html]
[cocinandoentreolivos.com/contacto.html]
[cocinandoentreolivos.com/wp-content/plugins/elementor-pro/assets/css/widget-theme-elements.min.css]
[cocinandoentreolivos.com/2024/03/pimientos-del-piquillo-rellenos-de-bacalao.html]
[cocinandoentreolivos.com/https_/cocinandoentreolivos.com/wp-content/uploads/2024/03/pimientos-del-piquillo-rellenos-de-bacalao-port.jpg]
[cocinandoentreolivos.com/wp-content/uploads/2024/03/pimientos-del-piquillo-rellenos-de-bacalao-port.jpg]
[cocinandoentreolivos.com/2024/03/croquetas-de-chocolate.html]
[cocinandoentreolivos.com/https_/cocinandoentreolivos.com/wp-content/uploads/2024/03/croquetas-de-chocolate-port.jpg]
[cocinandoentreolivos.com/wp-content/uploads/2024/03/croquetas-de-chocolate-port.jpg]
[cocinandoentreolivos.com/https_/cocinandoentreolivos.com/wp-content/uploads/2024/03/morroco-de-jaen-portada.jpg]
[cocinandoentreolivos.com/wp-content/uploads/2024/03/morroco-de-jaen-portada.jpg]
[cocinandoentreolivos.com/2024/03/morrococo-de-jaen.html]
[cocinandoentreolivos.com/2024/03/premios-academia-andaluza-gastronomia-turismo-2024.html]
[cocinandoentreolivos.com/https_/cocinandoentreolivos.com/wp-content/uploads/2024/03/AAGT-Cordoba-2573.jpg]
[cocinandoentreolivos.com/wp-content/uploads/2024/03/AAGT-Cordoba-2573.jpg]
[cocinandoentreolivos.com/2024/02/quiche-de-trucha-ahumada-con-puerro-y-queso.html]
[cocinandoentreolivos.com/wp-content/uploads/2024/02/Quiche-de-trucha-ahumada-con-puerro-port.jpg]
[cocinandoentreolivos.com/wp-content/uploads/2024/02/Ensalada-de-escarola-boniato-y-atun.jpg]
[cocinandoentreolivos.com/2024/02/ensalada-de-escarola-con-boniato-y-atun.html]
[cocinandoentreolivos.com/wp-content/uploads/2024/02/imagen-ndp-1-scaled.jpg]
[cocinandoentreolivos.com/2024/02/ganadores-premios-andalucia-gastronomia-2024.html]
[cocinandoentreolivos.com/wp-content/plugins/elementor-pro/assets/css/widget-animated-headline.min.css]
[cocinandoentreolivos.com/wp-content/uploads/2022/06/Flan-de-huevo-freidora-de-aire-3.jpg]
[cocinandoentreolivos.com/2022/06/como-hacer-flan-de-huevo-en-freidora-de-aire.html]
[cocinandoentreolivos.com/wp-content/uploads/2021/03/Palillos-de-leche-de-Priego-Semana-Santa-14.jpg]
[cocinandoentreolivos.com/2021/03/palillos-de-leche-priego-semana-santa.html]
[cocinandoentreolivos.com/wp-content/uploads/2020/04/Roscos-fritos-receta-11.jpg]
[cocinandoentreolivos.com/2020/04/como-hacer-roscos-fritos-semana-santa.html]
[cocinandoentreolivos.com/wp-content/uploads/2019/09/Gachamiga-Sierra-de-Segura-receta-www.cocinandoentreolivos.com-5.jpg]
[cocinandoentreolivos.com/2019/09/gachamiga-receta-tradicional-de-la-sierra-de-segura-de-jaen.html]
[cocinandoentreolivos.com/wp-content/uploads/2016/02/Lomoenorzawww.cocinandoentreolivos.com282929.jpg]
[cocinandoentreolivos.com/2016/02/como-hacer-lomo-de-orza-al-estilo-de.html]
[cocinandoentreolivos.com/wp-content/uploads/2014/04/Torrijas-www.cocinandoentreolivos-1.jpg]
[cocinandoentreolivos.com/2014/04/torrijas-de-leche-receta-paso-paso.html]
[cocinandoentreolivos.com/2024/02/tortilla-de-verduras-y-queso-en-freidora-de-aire.html]
[cocinandoentreolivos.com/wp-content/uploads/2024/02/Tortilla-verduras-y-queso-freidora-de-aire.jpg]
[cocinandoentreolivos.com/2024/01/sopa-de-cuscurrones.html]
[cocinandoentreolivos.com/wp-content/uploads/2024/01/sopa-de-cuscurrones-de-jaen-port.jpg]
[cocinandoentreolivos.com/2018/01/la-venta-libro-cocinando-olivos.html]
[cocinandoentreolivos.com/wp-content/uploads/2021/12/Libro-Cocinando-entre-Olivos-1.jpg]
[cocinandoentreolivos.com/wp-content/uploads/2021/12/ICONO_Ganador_concursoMejorBloguero.jpg]
[cocinandoentreolivos.com/aviso-legal.html]
[cocinandoentreolivos.com/politica-de-privacidad.html]
[cocinandoentreolivos.com/politica-de-cookies.html]
[cocinandoentreolivos.com/suscripcion.html]
[cocinandoentreolivos.com/wp-content/uploads/elementor/css/post-2260176cc.css]
[cocinandoentreolivos.com/wp-content/plugins/webtoffee-gdpr-cookie-consent/public/css/cookie-law-info-table355d.css]
[cocinandoentreolivos.com/wp-content/plugins/elementor/assets/lib/animations/animations.min78fb.css]
[cocinandoentreolivos.com/wp-content/plugins/recipe-card-blocks-by-wpzoom-pro/dist/assets/js/script00d1.js]
[assets.pinterest.com/js/pinit84fc.js]
[cocinandoentreolivos.com/wp-content/plugins/recipe-card-blocks-by-wpzoom-pro/dist/assets/js/adjustable-servings00d1.js]
[cocinandoentreolivos.com/wp-includes/js/imagesloaded.minbb93.js]
[cocinandoentreolivos.com/wp-content/plugins/recipe-card-blocks-by-wpzoom-pro/dist/assets/js/masonry-gallery00d1.js]
[cocinandoentreolivos.com/wp-content/plugins/recipe-card-blocks-by-wpzoom-pro/dist/assets/js/wpzoom-comment-rating00d1.js]
[cocinandoentreolivos.com/wp-content/themes/hello-elementor/assets/js/hello-frontend.min41fe.js]
[stats.wp.com/e-202412.js]
[cocinandoentreolivos.com/wp-content/plugins/elementor-pro/assets/lib/smartmenus/jquery.smartmenus.min1576.js]
[cocinandoentreolivos.com/wp-content/plugins/ultimate-elementor/assets/lib/slick/slick.mind280.js]
[cocinandoentreolivos.com/wp-content/plugins/ultimate-elementor/assets/lib/isotope/isotope.mind280.js]
[cocinandoentreolivos.com/wp-content/plugins/ultimate-elementor/assets/min-js/uael-posts.mind280.js]
[cocinandoentreolivos.com/wp-content/plugins/ultimate-elementor/assets/lib/jquery-element-resize/jquery_resize.mind280.js]
[cocinandoentreolivos.com/wp-content/plugins/ultimate-elementor/assets/min-js/uael-nav-menu.mind280.js]
[cocinandoentreolivos.com/wp-content/plugins/ultimate-elementor/assets/lib/js-cookie/js_cookie.mind280.js]
[cocinandoentreolivos.com/wp-content/plugins/elementor-pro/assets/js/webpack-pro.runtime.minc226.js]
[cocinandoentreolivos.com/wp-content/plugins/elementor/assets/js/webpack.runtime.min78fb.js]
[cocinandoentreolivos.com/wp-content/plugins/elementor/assets/js/frontend-modules.min78fb.js]
[cocinandoentreolivos.com/wp-includes/js/dist/vendor/wp-polyfill-inert.min0226.js]
[cocinandoentreolivos.com/wp-includes/js/dist/vendor/regenerator-runtime.min6c85.js]
[cocinandoentreolivos.com/wp-includes/js/dist/vendor/wp-polyfill.min2c7c.js]
[cocinandoentreolivos.com/wp-includes/js/dist/hooks.min2ebd.js]
[cocinandoentreolivos.com/wp-includes/js/dist/i18n.minf92f.js]
[cocinandoentreolivos.com/wp-content/plugins/elementor-pro/assets/js/frontend.minc226.js]
[cocinandoentreolivos.com/wp-content/plugins/elementor/assets/lib/waypoints/waypoints.min05da.js]
[cocinandoentreolivos.com/wp-includes/js/jquery/ui/core.min3f14.js]
[cocinandoentreolivos.com/wp-content/plugins/elementor/assets/js/frontend.min78fb.js]
[cocinandoentreolivos.com/wp-content/plugins/elementor-pro/assets/js/elements-handlers.minc226.js]
[cocinandoentreolivos.com/index.html]
[cocinandoentreolivos.com/wp-content/plugins/a-z-listing/css/a-z-listing-default5b31.css]
[cocinandoentreolivos.com/wp-content/plugins/elementor-pro/assets/lib/sticky/jquery.sticky.minc226.js]
[cocinandoentreolivos.com/wp-includes/js/mediaelement/mediaelementplayer-legacy.min1f61.css]
[cocinandoentreolivos.com/wp-includes/js/mediaelement/wp-mediaelement.min84fc.css]
[cocinandoentreolivos.com/wp-includes/js/mediaelement/mejs-controls.svg]
[cocinandoentreolivos.com/wp-content/plugins/recipe-card-blocks-by-wpzoom-pro/dist/blocks.style.build00d1.css]
[cocinandoentreolivos.com/wp-content/plugins/recipe-card-blocks-by-wpzoom-pro/dist/assets/webfonts/fa-brands-400.woff2]
[cocinandoentreolivos.com/wp-content/plugins/recipe-card-blocks-by-wpzoom-pro/dist/assets/webfonts/fa-regular-400.woff2]
[cocinandoentreolivos.com/wp-content/plugins/recipe-card-blocks-by-wpzoom-pro/dist/assets/webfonts/fa-solid-900.woff2]
[cocinandoentreolivos.com/wp-content/plugins/recipe-card-blocks-by-wpzoom-pro/dist/assets/webfonts/Foodicons.woff]
[cocinandoentreolivos.com/wp-content/plugins/recipe-card-blocks-by-wpzoom-pro/dist/assets/webfonts/Genericons.woff]
[cocinandoentreolivos.com/wp-content/plugins/recipe-card-blocks-by-wpzoom-pro/dist/assets/webfonts/Oldiconb12c.woff]
[cocinandoentreolivos.com/wp-content/plugins/recipe-card-blocks-by-wpzoom-pro/dist/assets/css/icon-fonts.build00d1.css]
[cocinandoentreolivos.com/wp-content/plugins/menu-image/includes/css/menu-imagea237.css]
[cocinandoentreolivos.com/wp-includes/fonts/dashicons7d4b.eot]
[cocinandoentreolivos.com/wp-includes/css/dashicons.min84fc.css]
[cocinandoentreolivos.com/wp-content/plugins/pdf-print/css/frontend9254.css]
[cocinandoentreolivos.com/wp-includes/fonts/dashicons7d4b.ttf]
[cocinandoentreolivos.com/wp-content/plugins/webtoffee-gdpr-cookie-consent/public/images/cli_placeholder.svg]
[cocinandoentreolivos.com/wp-content/plugins/webtoffee-gdpr-cookie-consent/public/css/cookie-law-info-public355d.css]
[cocinandoentreolivos.com/wp-content/plugins/webtoffee-gdpr-cookie-consent/public/css/cookie-law-info-gdpr355d.css]
[cocinandoentreolivos.com/wp-content/themes/hello-elementor/style.min41fe.css]
[cocinandoentreolivos.com/wp-content/themes/hello-elementor/theme.min41fe.css]
[cocinandoentreolivos.com/wp-content/themes/hello-elementor/header-footer.min41fe.css]
[cocinandoentreolivos.com/wp-content/plugins/elementor/assets/css/frontend-lite.min78fb.css]
[cocinandoentreolivos.com/wp-content/uploads/elementor/css/post-222434067.css]
[cocinandoentreolivos.com/wp-content/plugins/elementor/assets/lib/eicons/fonts/eicons8016.woff2]
[cocinandoentreolivos.com/wp-content/plugins/elementor/assets/lib/eicons/fonts/eicons8016.woff]
[cocinandoentreolivos.com/wp-content/plugins/elementor/assets/lib/eicons/fonts/eicons8016.eot]
[cocinandoentreolivos.com/wp-content/plugins/elementor/assets/lib/eicons/css/elementor-icons.mind54b.css]
[cocinandoentreolivos.com/wp-content/plugins/elementor/assets/lib/swiper/v8/css/swiper.min94a4.css]
[cocinandoentreolivos.com/wp-content/plugins/elementor-pro/assets/css/frontend-lite.minc226.css]
[cocinandoentreolivos.com/wp-content/plugins/ultimate-elementor/assets/min-css/uael-frontend.mind280.css]
[cocinandoentreolivos.com/wp-content/uploads/elementor/css/global7c3f.css]
[cocinandoentreolivos.com/wp-content/plugins/elementor/assets/lib/eicons/fonts/eicons8016.svg]
[cocinandoentreolivos.com/wp-content/plugins/elementor/assets/lib/eicons/fonts/eicons8016.ttf]
[cocinandoentreolivos.com/wp-content/uploads/2016/11/dest_aove.png]
[cocinandoentreolivos.com/wp-content/uploads/2021/12/ana_maria.png]
[cocinandoentreolivos.com/wp-content/uploads/elementor/css/post-70627b03.css]
[cocinandoentreolivos.com/wp-content/uploads/elementor/css/post-223397c3f.css]
[cocinandoentreolivos.com/wp-content/uploads/elementor/css/post-223237c3f.css]
[cocinandoentreolivos.com/wp-content/themes/hello-theme-child-master/style8a54.css]
[cocinandoentreolivos.com/wp-content/plugins/elementor/assets/lib/font-awesome/css/fontawesome.min52d5.css]
[cocinandoentreolivos.com/wp-content/plugins/elementor/assets/lib/font-awesome/webfonts/fa-solid-900.eot]
[cocinandoentreolivos.com/wp-content/plugins/elementor/assets/lib/font-awesome/webfonts/fa-solid-900.woff2]
[cocinandoentreolivos.com/wp-content/plugins/elementor/assets/lib/font-awesome/webfonts/fa-solid-900d41d.eot]
[cocinandoentreolivos.com/wp-content/plugins/elementor/assets/lib/font-awesome/webfonts/fa-solid-900.woff]
[cocinandoentreolivos.com/wp-content/plugins/elementor/assets/lib/font-awesome/css/solid.min52d5.css]
[cocinandoentreolivos.com/wp-content/plugins/elementor/assets/lib/font-awesome/webfonts/fa-solid-900.svg]
[cocinandoentreolivos.com/wp-content/plugins/elementor/assets/lib/font-awesome/webfonts/fa-solid-900.ttf]
[cocinandoentreolivos.com/wp-content/plugins/recipe-card-blocks-by-wpzoom-pro/dist/assets/webfonts/Genericonsd41d.woff]
[cocinandoentreolivos.com/wp-content/plugins/recipe-card-blocks-by-wpzoom-pro/dist/assets/css/genericons.min00d1.css]
[cocinandoentreolivos.com/wp-content/plugins/elementor/assets/lib/font-awesome/webfonts/fa-brands-400.eot]
[cocinandoentreolivos.com/wp-content/plugins/elementor/assets/lib/font-awesome/webfonts/fa-brands-400d41d.eot]
[cocinandoentreolivos.com/wp-content/plugins/elementor/assets/lib/font-awesome/webfonts/fa-brands-400.woff2]
[cocinandoentreolivos.com/wp-content/plugins/elementor/assets/lib/font-awesome/webfonts/fa-brands-400.woff]
[cocinandoentreolivos.com/wp-content/plugins/elementor/assets/lib/font-awesome/webfonts/fa-brands-400.ttf]
[cocinandoentreolivos.com/wp-content/plugins/elementor/assets/lib/font-awesome/css/brands.min52d5.css]
[cocinandoentreolivos.com/wp-content/plugins/elementor/assets/lib/font-awesome/webfonts/fa-brands-400.svg]
[cocinandoentreolivos.com/wp-content/plugins/elementor/assets/lib/font-awesome/webfonts/fa-regular-400.eot]
[cocinandoentreolivos.com/wp-content/plugins/elementor/assets/lib/font-awesome/webfonts/fa-regular-400d41d.eot]
[cocinandoentreolivos.com/wp-content/plugins/elementor/assets/lib/font-awesome/webfonts/fa-regular-400.woff2]
[cocinandoentreolivos.com/wp-content/plugins/elementor/assets/lib/font-awesome/webfonts/fa-regular-400.woff]
[cocinandoentreolivos.com/wp-content/plugins/elementor/assets/lib/font-awesome/webfonts/fa-regular-400.ttf]
[cocinandoentreolivos.com/wp-content/plugins/elementor/assets/lib/font-awesome/css/regular.min52d5.css]
[cocinandoentreolivos.com/wp-content/plugins/elementor/assets/lib/font-awesome/webfonts/fa-regular-400.svg]
[cocinandoentreolivos.com/wp-content/plugins/jetpack/modules/shortcodes/img/slideshow-controls.png]
[cocinandoentreolivos.com/wp-content/plugins/jetpack/modules/shortcodes/img/slideshow-controls-2x.png]
[cocinandoentreolivos.com/wp-content/plugins/jetpack/modules/shortcodes/images/slide-nav.png]
[cocinandoentreolivos.com/wp-content/plugins/jetpack/modules/shortcodes/images/expand.png]
[cocinandoentreolivos.com/wp-content/plugins/jetpack/modules/shortcodes/images/collapse.png]
[secure.gravatar.com/images/grav-share-sprite.png]
[cocinandoentreolivos.com/wp-content/plugins/jetpack/css/jetpack271f.css]
[cocinandoentreolivos.com/wp-content/plugins/elementor-pro/assets/css/widget-nav-menu.min.css]
[cocinandoentreolivos.com/wp-content/uploads/2021/12/dest_aove-1.png]
[cocinandoentreolivos.com/wp-content/uploads/elementor/css/post-12678d99.css]
[cocinandoentreolivos.com/wp-json/wp/v2/pages/1267.json]
[cocinandoentreolivos.com/wp-json/oembed/1.0/embedefa5.json]
[cocinandoentreolivos.com/wp-json/oembed/1.0/embed8c4e]
[cocinandoentreolivos.com/category/recetas.html]
[cocinandoentreolivos.com/tag/bacalao.html]
[cocinandoentreolivos.com/tag/chocolate.html]
[cocinandoentreolivos.com/tag/cocina-de-jaen.html]
[cocinandoentreolivos.com/tag/tartas-saladas.html]
[cocinandoentreolivos.com/tag/atun.html]
[cocinandoentreolivos.com/tag/freidora-de-aire.html]
[cocinandoentreolivos.com/tag/recetas-tradicionales.html]
[cocinandoentreolivos.com/wp-content/uploads/2024/01/Solomillo-al-Pedro-Ximenez-port.jpg]
[cocinandoentreolivos.com/2024/01/solomillo-al-pedro-ximenez.html]
[cocinandoentreolivos.com/tag/cocina-andaluza.html]
[cocinandoentreolivos.com/wp-content/uploads/2024/01/Remojon-frailero.jpg]
[cocinandoentreolivos.com/2024/01/remojon-de-frailes-jaen.html]
[cocinandoentreolivos.com/wp-content/uploads/2024/01/Sopa-de-verduras-y-pollo.jpg]
[cocinandoentreolivos.com/2024/01/sopa-de-verduras-y-pollo.html]
[cocinandoentreolivos.com/tag/pollo.html]
[cocinandoentreolivos.com/2024/01/tarta-salada-crujiente-de-queso-y-peras-con-miel.html]
[cocinandoentreolivos.com/tag/queso.html]
[cocinandoentreolivos.com/2024/01/pinas-de-chocolate-receta-muy-facil.html]
[cocinandoentreolivos.com/wp-content/uploads/2024/01/pinas-de-galletas-principe-y-cereales-port.jpg]
[cocinandoentreolivos.com/recetas/page/2.html]
[cocinandoentreolivos.com/recetas/page/3.html]
[cocinandoentreolivos.com/recetas.html]
[cocinandoentreolivos.com/recetas/page/151.html]
[cocinandoentreolivos.com/wp-includes/css/dist/block-library/style.min84fc.css]
[cocinandoentreolivos.com/wp-json/wp/v2/pages/7103.json]
[cocinandoentreolivos.com/wp-json/oembed/1.0/embedbdcd.json]
[cocinandoentreolivos.com/wp-json/oembed/1.0/embed3063]
[cocinandoentreolivos.com/2007/10/aceitunas-de-cornezuelo.html]
[cocinandoentreolivos.com/2020/05/acelgas-con-patatas-y-zanahorias.html]
[cocinandoentreolivos.com/2021/07/aguacates-rellenos-de-langostinos.html]
[cocinandoentreolivos.com/2010/08/aguacate-con-langostinos-paso-paso.html]
[cocinandoentreolivos.com/2008/04/aguacate-relleno-de-langostinos.html]
[cocinandoentreolivos.com/2013/06/aguacate-con-queso-de-cabra-y-miel-de.html]
[cocinandoentreolivos.com/2020/07/aguadillo-de-lechuga-o-gazpacho-picao-de-lechuga.html]
[cocinandoentreolivos.com/2013/12/aguardentados-murcianos-receta-paso-paso.html]
[cocinandoentreolivos.com/2020/10/ajilimojili-tipico-de-jaen.html]
[cocinandoentreolivos.com/2014/06/ajoblanco-de-chirimoya-y-crujiente-de.html]
[cocinandoentreolivos.com/2019/08/ajoatao-sin-patata-receta-sierra-de-segura.html]
[cocinandoentreolivos.com/2007/11/ajoblanco.html]
[cocinandoentreolivos.com/2023/07/ajoblanco-de-harina-de-habas-con-gelatina-de-vino-dulce.html]
[cocinandoentreolivos.com/2016/07/ajoblanco-de-harina-de-habas-secas.html]
[cocinandoentreolivos.com/2013/07/ajoblanco-receta-paso-paso.html]
[cocinandoentreolivos.com/2022/08/albondigas-con-tomate.html]
[cocinandoentreolivos.com/2021/03/albondigas-bacalao-salsa-vino-dulce.html]
[cocinandoentreolivos.com/2017/09/albondigas-berenjena-y-queso-receta-paso-a-paso.html]
[cocinandoentreolivos.com/2011/04/albondigas-de-caballa-en-salsa-de.html]
[cocinandoentreolivos.com/2010/06/albondigas-de-cazon-en-amarillo-paso.html]
[cocinandoentreolivos.com/2016/01/albondigas-de-cordero-con-pasas-y.html]
[cocinandoentreolivos.com/2014/06/albondigas-de-espinacas-receta-paso-paso.html]
[cocinandoentreolivos.com/2019/05/albondigas-de-pollo-en-pepitoria.html]
[cocinandoentreolivos.com/2014/09/albondigas-de-rosada-receta-paso-paso.html]
[cocinandoentreolivos.com/2013/01/albondigas-en-caldo-paso-paso.html]
[cocinandoentreolivos.com/2009/02/albondigas-en-salsa-de-almendras-paso.html]
[cocinandoentreolivos.com/2015/01/albondigas-en-salsa-de-manzana-receta.html]
[cocinandoentreolivos.com/2014/05/alboronia-o-plato-de-la-lira-del-sueno.html]
[cocinandoentreolivos.com/2013/04/alcachofas-fritas-receta-paso-paso.html]
[cocinandoentreolivos.com/2021/04/alcachofas-guisadas-con-jamon-y-tomate.html]
[cocinandoentreolivos.com/2012/12/alfajor-de-almendra-paso-paso.html]
[cocinandoentreolivos.com/2013/12/alfajor-de-batata-y-almendra-receta.html]
[cocinandoentreolivos.com/2010/03/alioli-con-leche-paso-paso.html]
[cocinandoentreolivos.com/2022/02/alitas-de-pollo-a-la-coca-cola.html]
[cocinandoentreolivos.com/2013/11/almejas-la-marinera-receta-paso-paso.html]
[cocinandoentreolivos.com/2008/03/almejas-con-tomate-paso-paso.html]
[cocinandoentreolivos.com/2008/11/almejas-empanadas-en-su-salsa.html]
[cocinandoentreolivos.com/2020/12/almejas-en-salsa-verde.html]
[cocinandoentreolivos.com/2014/10/almendrados-100-nuestros-de-amanda.html]
[cocinandoentreolivos.com/2012/04/almendras-fritas-con-mojama-paso-paso.html]
[cocinandoentreolivos.com/recetas-a-z.html]
[cocinandoentreolivos.com/category/recetas/tapas-y-aperitivos.html]
[cocinandoentreolivos.com/category/recetas/ensaladas-y-verduras.html]
[cocinandoentreolivos.com/category/recetas/arroz-y-pasta.html]
[cocinandoentreolivos.com/category/recetas/platos-de-cuchara.html]
[cocinandoentreolivos.com/category/recetas/pescados-y-mariscos.html]
[cocinandoentreolivos.com/category/recetas/carne.html]
[cocinandoentreolivos.com/category/recetas/postres-y-dulces.html]
[cocinandoentreolivos.com/category/recetas/bizcochos-y-tartas.html]
[cocinandoentreolivos.com/category/recetas/cocina-de-jaen.html]
[cocinandoentreolivos.com/category/recetas/cocina-para-ninos.html]
[cocinandoentreolivos.com/category/recetas/sin-gluten.html]
[cocinandoentreolivos.com/category/recetas/recetas-de-navidad.html]
[cocinandoentreolivos.com/category/aove.html]
[cocinandoentreolivos.com/category/aove/conociendo-el-aove.html]
[cocinandoentreolivos.com/2016/02/andrajos-bacalao-jaen-receta-paso-a-paso.html]
[cocinandoentreolivos.com/category/aove/probando-aove.html]
[cocinandoentreolivos.com/category/aove/recetas-con-aove.html]
[cocinandoentreolivos.com/category/noticias-y-gastroeventos.html]
[cocinandoentreolivos.com/category/sitios-que-me-gustan.html]
[cocinandoentreolivos.com/quien-soy.html]
[cocinandoentreolivos.com/contacto.html]
[cocinandoentreolivos.com/wp-content/plugins/elementor-pro/assets/css/widget-theme-elements.min.css]
[cocinandoentreolivos.com/2024/03/pimientos-del-piquillo-rellenos-de-bacalao.html]
[cocinandoentreolivos.com/https_/cocinandoentreolivos.com/wp-content/uploads/2024/03/pimientos-del-piquillo-rellenos-de-bacalao-port.html]
[cocinandoentreolivos.com/2024/03/croquetas-de-chocolate.html]
[cocinandoentreolivos.com/https_/cocinandoentreolivos.com/wp-content/uploads/2024/03/croquetas-de-chocolate-port.html]
[cocinandoentreolivos.com/2024/03/morrococo-de-jaen.html]
[cocinandoentreolivos.com/https_/cocinandoentreolivos.com/wp-content/uploads/2024/03/morroco-de-jaen-portada.html]
[cocinandoentreolivos.com/2024/03/premios-academia-andaluza-gastronomia-turismo-2024.html]
[cocinandoentreolivos.com/https_/cocinandoentreolivos.com/wp-content/uploads/2024/03/AAGT-Cordoba-2573.html]
[cocinandoentreolivos.com/2024/02/quiche-de-trucha-ahumada-con-puerro-y-queso.html]
[cocinandoentreolivos.com/2024/02/ensalada-de-escarola-con-boniato-y-atun.html]
[cocinandoentreolivos.com/2024/02/ganadores-premios-andalucia-gastronomia-2024.html]
[cocinandoentreolivos.com/wp-content/plugins/elementor-pro/assets/css/widget-animated-headline.min.css]
[cocinandoentreolivos.com/2022/06/como-hacer-flan-de-huevo-en-freidora-de-aire.html]
[cocinandoentreolivos.com/2021/03/palillos-de-leche-priego-semana-santa.html]
[cocinandoentreolivos.com/2020/04/como-hacer-roscos-fritos-semana-santa.html]
[cocinandoentreolivos.com/2019/09/gachamiga-receta-tradicional-de-la-sierra-de-segura-de-jaen.html]
[cocinandoentreolivos.com/2016/02/como-hacer-lomo-de-orza-al-estilo-de.html]
[cocinandoentreolivos.com/2014/04/torrijas-de-leche-receta-paso-paso.html]
[cocinandoentreolivos.com/2024/02/tortilla-de-verduras-y-queso-en-freidora-de-aire.html]
[cocinandoentreolivos.com/2024/01/sopa-de-cuscurrones.html]
[cocinandoentreolivos.com/2018/01/la-venta-libro-cocinando-olivos.html]
[cocinandoentreolivos.com/aviso-legal.html]
[cocinandoentreolivos.com/politica-de-privacidad.html]
[cocinandoentreolivos.com/politica-de-cookies.html]
[cocinandoentreolivos.com/suscripcion.html]
[cocinandoentreolivos.com/politica-de-cookies/index.html]
[cocinandoentreolivos.com/wp-content/uploads/elementor/css/post-2260176cc.css]
[cocinandoentreolivos.com/wp-content/plugins/webtoffee-gdpr-cookie-consent/public/css/cookie-law-info-table355d.css]
[cocinandoentreolivos.com/wp-content/plugins/elementor/assets/lib/animations/animations.min78fb.css]
[cocinandoentreolivos.com/wp-includes/js/mediaelement/mejs-controls.svg]
[cocinandoentreolivos.com/wp-content/plugins/webtoffee-gdpr-cookie-consent/public/images/cli_placeholder.svg]
[cocinandoentreolivos.com/wp-content/plugins/elementor/assets/lib/eicons/fonts/eicons8016.svg]
[cocinandoentreolivos.com/wp-content/plugins/elementor/assets/lib/font-awesome/webfonts/fa-solid-900.svg]
[cocinandoentreolivos.com/wp-content/plugins/elementor/assets/lib/font-awesome/webfonts/fa-brands-400.svg]
[cocinandoentreolivos.com/wp-content/plugins/elementor/assets/lib/font-awesome/webfonts/fa-regular-400.svg]
[cocinandoentreolivos.com/wp-content/uploads/elementor/css/post-12678d99.css]
[cocinandoentreolivos.com/category/recetas.html]
[cocinandoentreolivos.com/tag/bacalao.html]
[cocinandoentreolivos.com/tag/chocolate.html]
